version https://git-lfs.github.com/spec/v1
oid sha256:aad9899933482e1db7a809a1f92d52de50f84e866007489a9933dec33dfa2d72
size 110
