Exception caught
Traceback (most recent call last):
  File "/home/aleynaozcan/projects/MASA-QMIX/MARL/runner.py", line 23, in <module>
    from MARL.common.rollout import CommRolloutWorker  # type: ignore
    ^^^^^^^^^^^^^^^^^^^^^^^^^^^^^^^^^^^^^^^^^^^^^^^^^
ImportError: cannot import name 'CommRolloutWorker' from 'MARL.common.rollout' (/home/aleynaozcan/projects/MASA-QMIX/MARL/common/rollout.py)

=== Training Setup Summary (Args) ===
Algorithm: qmix
Random seed: 123
Replay buffer size: 3000
Batch size: 32
Total epochs: 5
Episodes per epoch: 4
Evaluation every 2 epochs
Observation dim: 11
State dim: 64
====================================
[Runner] Env shapes initialized from env.get_env_info(): n_agents=10, n_actions=18, obs_shape=11, state_shape=64, episode_limit=10
[Runner] Auto-set run_args.n_agents = 10 from env.get_env_info()['n_agents']
[QMIX Init] RNN input shape = 39 (obs=11, last_action=True, reuse_network=True)
[QMIX] Checkpoints dir: /home/aleynaozcan/projects/MASA-QMIX/MARL/model/qmix/masa_schedule
[QMIX] Policy initialized and moved to device: cpu
[Agents] Initialized (QMIX)
[RolloutWorker] init | episode_limit=10 | device=cpu
[Runner 8A.6.6] Initialized | alg=qmix | buffer=3000 | batch=32
[Runner] === Training loop started ===
Run 1, epoch 0, avg rewards 0.00[JobAgent 0] selected action=2
[JobAgent 1] selected action=2
[JobAgent 2] selected action=2
[JobAgent 3] selected action=2
[JobAgent 4] selected action=2
[JobAgent 5] selected action=2
[JobAgent 6] selected action=2
[JobAgent 7] selected action=2
[JobAgent 8] selected action=2
[JobAgent 9] selected action=2
[JobAgent 0] selected action=0
[JobAgent 0] selected action=2
[JobAgent 1] selected action=2
[JobAgent 2] selected action=2
[JobAgent 3] selected action=2
[JobAgent 4] selected action=2
[JobAgent 5] selected action=2
[JobAgent 6] selected action=2
[JobAgent 7] selected action=2
[JobAgent 8] selected action=2
[JobAgent 9] selected action=2
[JobAgent 0] selected action=0
[JobAgent 1] selected action=0
[JobAgent 0] selected action=2
[JobAgent 1] selected action=2
[JobAgent 2] selected action=2
[JobAgent 3] selected action=2
[JobAgent 4] selected action=2
[JobAgent 5] selected action=2
[JobAgent 6] selected action=2
[JobAgent 7] selected action=2
[JobAgent 8] selected action=2
[JobAgent 9] selected action=2
[JobAgent 0] selected action=0
[JobAgent 1] selected action=0
[JobAgent 0] selected action=2
[JobAgent 1] selected action=2
[JobAgent 2] selected action=2
[JobAgent 3] selected action=2
[JobAgent 4] selected action=2
[JobAgent 5] selected action=2
[JobAgent 6] selected action=2
[JobAgent 7] selected action=2
[JobAgent 8] selected action=2
[JobAgent 9] selected action=2
[JobAgent 0] selected action=0
[JobAgent 1] selected action=0
[JobAgent 2] selected action=0

[DEBUG] Training active (buffer=48) – gradient updates...
[Agents] Step 0 | Loss=1.5477 | TD-Error=0.8761
[Agents] Step 1 | Loss=1.4361 | TD-Error=0.7964
[Agents] Step 2 | Loss=1.3912 | TD-Error=0.7479
[Agents] Step 3 | Loss=1.3616 | TD-Error=0.7130
[Agents] Step 4 | Loss=1.3399 | TD-Error=0.6876
[Agents] Step 5 | Loss=1.3223 | TD-Error=0.6652
[Agents] Step 6 | Loss=1.3073 | TD-Error=0.6476
[Agents] Step 7 | Loss=1.2945 | TD-Error=0.6330
[Agents] Step 8 | Loss=1.2829 | TD-Error=0.6207
[QMIX] ✅ Checkpoint saved @ step 10
   RNN  → /home/aleynaozcan/projects/MASA-QMIX/MARL/model/qmix/masa_schedule/rnn_net_params.pkl
   MIX  → /home/aleynaozcan/projects/MASA-QMIX/MARL/model/qmix/masa_schedule/qmix_net_params.pkl
[Agents] Step 9 | Loss=1.2726 | TD-Error=0.6094
Run 1, epoch 1, avg rewards -8.32[JobAgent 0] selected action=2
[JobAgent 1] selected action=2
[JobAgent 2] selected action=2
[JobAgent 3] selected action=2
[JobAgent 4] selected action=2
[JobAgent 5] selected action=2
[JobAgent 6] selected action=2
[JobAgent 7] selected action=2
[JobAgent 8] selected action=2
[JobAgent 9] selected action=2
[JobAgent 0] selected action=0
[JobAgent 1] selected action=0
[JobAgent 2] selected action=0
[JobAgent 0] selected action=2
[JobAgent 1] selected action=2
[JobAgent 2] selected action=2
[JobAgent 3] selected action=2
[JobAgent 4] selected action=2
[JobAgent 5] selected action=2
[JobAgent 6] selected action=2
[JobAgent 7] selected action=2
[JobAgent 8] selected action=2
[JobAgent 9] selected action=2
[JobAgent 0] selected action=0
[JobAgent 1] selected action=0
[JobAgent 2] selected action=0
[JobAgent 0] selected action=2
[JobAgent 1] selected action=2
[JobAgent 2] selected action=2
[JobAgent 3] selected action=2
[JobAgent 4] selected action=2
[JobAgent 5] selected action=2
[JobAgent 6] selected action=2
[JobAgent 7] selected action=2
[JobAgent 8] selected action=2
[JobAgent 9] selected action=2
[JobAgent 0] selected action=0
[JobAgent 1] selected action=0
[JobAgent 0] selected action=2
[JobAgent 1] selected action=2
[JobAgent 2] selected action=2
[JobAgent 3] selected action=2
[JobAgent 4] selected action=2
[JobAgent 5] selected action=2
[JobAgent 6] selected action=2
[JobAgent 7] selected action=2
[JobAgent 8] selected action=2
[JobAgent 9] selected action=2
[JobAgent 0] selected action=0
[JobAgent 1] selected action=0
[JobAgent 2] selected action=0

[DEBUG] Training active (buffer=99) – gradient updates...
[Agents] Step 10 | Loss=1.4530 | TD-Error=0.6179
[Agents] Step 11 | Loss=1.4420 | TD-Error=0.6145
[Agents] Step 12 | Loss=1.4316 | TD-Error=0.6144
[Agents] Step 13 | Loss=1.4218 | TD-Error=0.6145
[Agents] Step 14 | Loss=1.4125 | TD-Error=0.6150
[Agents] Step 15 | Loss=1.4034 | TD-Error=0.6147
[Agents] Step 16 | Loss=1.3947 | TD-Error=0.6144
[Agents] Step 17 | Loss=1.3862 | TD-Error=0.6133
[Agents] Step 18 | Loss=1.3778 | TD-Error=0.6123
[Agents] Step 19 | Loss=1.3696 | TD-Error=0.6109
[TRAIN] step=20, loss=1.3696, td=0.6109, buffer=99
Run 1, epoch 2, avg rewards -10.86[JobAgent 0] selected action=2
[JobAgent 1] selected action=2
[JobAgent 2] selected action=2
[JobAgent 3] selected action=2
[JobAgent 4] selected action=2
[JobAgent 5] selected action=2
[JobAgent 6] selected action=2
[JobAgent 7] selected action=2
[JobAgent 8] selected action=2
[JobAgent 9] selected action=2
[JobAgent 0] selected action=0
[JobAgent 1] selected action=0
[JobAgent 0] selected action=2
[JobAgent 1] selected action=2
[JobAgent 2] selected action=2
[JobAgent 3] selected action=2
[JobAgent 4] selected action=2
[JobAgent 5] selected action=2
[JobAgent 6] selected action=2
[JobAgent 7] selected action=2
[JobAgent 8] selected action=2
[JobAgent 9] selected action=2
[JobAgent 0] selected action=0
[JobAgent 1] selected action=0
[JobAgent 0] selected action=2
[JobAgent 1] selected action=2
[JobAgent 2] selected action=2
[JobAgent 3] selected action=2
[JobAgent 4] selected action=2
[JobAgent 5] selected action=2
[JobAgent 6] selected action=2
[JobAgent 7] selected action=2
[JobAgent 8] selected action=2
[JobAgent 9] selected action=2
[JobAgent 0] selected action=0
[JobAgent 1] selected action=0
[JobAgent 0] selected action=2
[JobAgent 1] selected action=2
[JobAgent 2] selected action=2
[JobAgent 3] selected action=2
[JobAgent 4] selected action=2
[JobAgent 5] selected action=2
[JobAgent 6] selected action=2
[JobAgent 7] selected action=2
[JobAgent 8] selected action=2
[JobAgent 9] selected action=2
[JobAgent 0] selected action=0
[JobAgent 1] selected action=0
[JobAgent 0] selected action=2
[JobAgent 1] selected action=2
[JobAgent 2] selected action=2
[JobAgent 3] selected action=2
[JobAgent 4] selected action=2
[JobAgent 5] selected action=2
[JobAgent 6] selected action=2
[JobAgent 7] selected action=2
[JobAgent 8] selected action=2
[JobAgent 9] selected action=2
[JobAgent 0] selected action=0
[JobAgent 1] selected action=0
[JobAgent 2] selected action=0

[Eval] Epoch 2 | Reward=-9.02
[JobAgent 0] selected action=2
[JobAgent 1] selected action=2
[JobAgent 2] selected action=2
[JobAgent 3] selected action=2
[JobAgent 4] selected action=2
[JobAgent 5] selected action=2
[JobAgent 6] selected action=2
[JobAgent 7] selected action=2
[JobAgent 8] selected action=2
[JobAgent 9] selected action=2
[JobAgent 0] selected action=0
[JobAgent 0] selected action=2
[JobAgent 1] selected action=2
[JobAgent 2] selected action=2
[JobAgent 3] selected action=2
[JobAgent 4] selected action=2
[JobAgent 5] selected action=2
[JobAgent 6] selected action=2
[JobAgent 7] selected action=2
[JobAgent 8] selected action=2
[JobAgent 9] selected action=2
[JobAgent 0] selected action=0
[JobAgent 1] selected action=0
[JobAgent 2] selected action=0
[JobAgent 0] selected action=2
[JobAgent 1] selected action=2
[JobAgent 2] selected action=2
[JobAgent 3] selected action=2
[JobAgent 4] selected action=2
[JobAgent 5] selected action=2
[JobAgent 6] selected action=2
[JobAgent 7] selected action=2
[JobAgent 8] selected action=2
[JobAgent 9] selected action=2
[JobAgent 0] selected action=0
[JobAgent 1] selected action=0
[JobAgent 0] selected action=2
[JobAgent 1] selected action=2
[JobAgent 2] selected action=2
[JobAgent 3] selected action=2
[JobAgent 4] selected action=2
[JobAgent 5] selected action=2
[JobAgent 6] selected action=2
[JobAgent 7] selected action=2
[JobAgent 8] selected action=2
[JobAgent 9] selected action=2
[JobAgent 0] selected action=0
[JobAgent 1] selected action=0
[JobAgent 2] selected action=0

[DEBUG] Training active (buffer=209) – gradient updates...
[Agents] Step 20 | Loss=1.3250 | TD-Error=0.6064
[Agents] Step 21 | Loss=1.5386 | TD-Error=0.7520
[Agents] Step 22 | Loss=1.5179 | TD-Error=0.7202
[Agents] Step 23 | Loss=1.5021 | TD-Error=0.6968
[Agents] Step 24 | Loss=1.4890 | TD-Error=0.6781
[Agents] Step 25 | Loss=1.4774 | TD-Error=0.6621
[Agents] Step 26 | Loss=1.4670 | TD-Error=0.6479
[Agents] Step 27 | Loss=1.4576 | TD-Error=0.6369
[Agents] Step 28 | Loss=1.4487 | TD-Error=0.6260
[Agents] Step 29 | Loss=1.4403 | TD-Error=0.6176
Run 1, epoch 3, avg rewards -9.30[JobAgent 0] selected action=2
[JobAgent 1] selected action=2
[JobAgent 2] selected action=2
[JobAgent 3] selected action=2
[JobAgent 4] selected action=2
[JobAgent 5] selected action=2
[JobAgent 6] selected action=2
[JobAgent 7] selected action=2
[JobAgent 8] selected action=2
[JobAgent 9] selected action=2
[JobAgent 0] selected action=0
[JobAgent 1] selected action=0
[JobAgent 2] selected action=0
[JobAgent 0] selected action=2
[JobAgent 1] selected action=2
[JobAgent 2] selected action=2
[JobAgent 3] selected action=2
[JobAgent 4] selected action=2
[JobAgent 5] selected action=2
[JobAgent 6] selected action=2
[JobAgent 7] selected action=2
[JobAgent 8] selected action=2
[JobAgent 9] selected action=2
[JobAgent 0] selected action=0
[JobAgent 1] selected action=0
[JobAgent 0] selected action=2
[JobAgent 1] selected action=2
[JobAgent 2] selected action=2
[JobAgent 3] selected action=2
[JobAgent 4] selected action=2
[JobAgent 5] selected action=2
[JobAgent 6] selected action=2
[JobAgent 7] selected action=2
[JobAgent 8] selected action=2
[JobAgent 9] selected action=2
[JobAgent 0] selected action=0
[JobAgent 0] selected action=2
[JobAgent 1] selected action=2
[JobAgent 2] selected action=2
[JobAgent 3] selected action=2
[JobAgent 4] selected action=2
[JobAgent 5] selected action=2
[JobAgent 6] selected action=2
[JobAgent 7] selected action=2
[JobAgent 8] selected action=2
[JobAgent 9] selected action=2
[JobAgent 0] selected action=0
[JobAgent 1] selected action=0

[DEBUG] Training active (buffer=257) – gradient updates...
[Agents] Step 30 | Loss=1.4039 | TD-Error=0.6123
[Agents] Step 31 | Loss=1.3966 | TD-Error=0.6122
[Agents] Step 32 | Loss=1.3894 | TD-Error=0.6123
[Agents] Step 33 | Loss=1.3824 | TD-Error=0.6125
[Agents] Step 34 | Loss=1.3756 | TD-Error=0.6124
[Agents] Step 35 | Loss=1.3689 | TD-Error=0.6120
[Agents] Step 36 | Loss=1.3623 | TD-Error=0.6113
[Agents] Step 37 | Loss=1.3557 | TD-Error=0.6107
[Agents] Step 38 | Loss=1.3492 | TD-Error=0.6100
[Agents] Step 39 | Loss=1.3427 | TD-Error=0.6090
[TRAIN] step=40, loss=1.3427, td=0.6090, buffer=257
Run 1, epoch 4, avg rewards -8.40[JobAgent 0] selected action=2
[JobAgent 1] selected action=2
[JobAgent 2] selected action=2
[JobAgent 3] selected action=2
[JobAgent 4] selected action=2
[JobAgent 5] selected action=2
[JobAgent 6] selected action=2
[JobAgent 7] selected action=2
[JobAgent 8] selected action=2
[JobAgent 9] selected action=2
[JobAgent 0] selected action=0
[JobAgent 1] selected action=0
[JobAgent 0] selected action=2
[JobAgent 1] selected action=2
[JobAgent 2] selected action=2
[JobAgent 3] selected action=2
[JobAgent 4] selected action=2
[JobAgent 5] selected action=2
[JobAgent 6] selected action=2
[JobAgent 7] selected action=2
[JobAgent 8] selected action=2
[JobAgent 9] selected action=2
[JobAgent 0] selected action=0
[JobAgent 1] selected action=0
[JobAgent 2] selected action=0
[JobAgent 0] selected action=2
[JobAgent 1] selected action=2
[JobAgent 2] selected action=2
[JobAgent 3] selected action=2
[JobAgent 4] selected action=2
[JobAgent 5] selected action=2
[JobAgent 6] selected action=2
[JobAgent 7] selected action=2
[JobAgent 8] selected action=2
[JobAgent 9] selected action=2
[JobAgent 0] selected action=0
[JobAgent 1] selected action=0
[JobAgent 2] selected action=0
[JobAgent 0] selected action=2
[JobAgent 1] selected action=2
[JobAgent 2] selected action=2
[JobAgent 3] selected action=2
[JobAgent 4] selected action=2
[JobAgent 5] selected action=2
[JobAgent 6] selected action=2
[JobAgent 7] selected action=2
[JobAgent 8] selected action=2
[JobAgent 9] selected action=2
[JobAgent 0] selected action=0
[JobAgent 1] selected action=0
[JobAgent 2] selected action=0
[JobAgent 0] selected action=2
[JobAgent 1] selected action=2
[JobAgent 2] selected action=2
[JobAgent 3] selected action=2
[JobAgent 4] selected action=2
[JobAgent 5] selected action=2
[JobAgent 6] selected action=2
[JobAgent 7] selected action=2
[JobAgent 8] selected action=2
[JobAgent 9] selected action=2
[JobAgent 0] selected action=0
[JobAgent 1] selected action=0
[JobAgent 2] selected action=0
[JobAgent 3] selected action=0

[Eval] Epoch 4 | Reward=-11.72
[JobAgent 0] selected action=2
[JobAgent 1] selected action=2
[JobAgent 2] selected action=2
[JobAgent 3] selected action=2
[JobAgent 4] selected action=2
[JobAgent 5] selected action=2
[JobAgent 6] selected action=2
[JobAgent 7] selected action=2
[JobAgent 8] selected action=2
[JobAgent 9] selected action=2
[JobAgent 0] selected action=0
[JobAgent 1] selected action=0
[JobAgent 2] selected action=0
[JobAgent 0] selected action=2
[JobAgent 1] selected action=2
[JobAgent 2] selected action=2
[JobAgent 3] selected action=2
[JobAgent 4] selected action=2
[JobAgent 5] selected action=2
[JobAgent 6] selected action=2
[JobAgent 7] selected action=2
[JobAgent 8] selected action=2
[JobAgent 9] selected action=2
[JobAgent 0] selected action=0
[JobAgent 1] selected action=0
[JobAgent 2] selected action=0
[JobAgent 0] selected action=2
[JobAgent 1] selected action=2
[JobAgent 2] selected action=2
[JobAgent 3] selected action=2
[JobAgent 4] selected action=2
[JobAgent 5] selected action=2
[JobAgent 6] selected action=2
[JobAgent 7] selected action=2
[JobAgent 8] selected action=2
[JobAgent 9] selected action=2
[JobAgent 0] selected action=0
[JobAgent 1] selected action=0
[JobAgent 0] selected action=2
[JobAgent 1] selected action=2
[JobAgent 2] selected action=2
[JobAgent 3] selected action=2
[JobAgent 4] selected action=2
[JobAgent 5] selected action=2
[JobAgent 6] selected action=2
[JobAgent 7] selected action=2
[JobAgent 8] selected action=2
[JobAgent 9] selected action=2
[JobAgent 0] selected action=0
[JobAgent 1] selected action=0

[DEBUG] Training active (buffer=372) – gradient updates...
[Agents] Step 40 | Loss=1.4143 | TD-Error=0.7097
[Agents] Step 41 | Loss=2.0465 | TD-Error=0.8715
[Agents] Step 42 | Loss=2.0307 | TD-Error=0.8512
[Agents] Step 43 | Loss=2.0169 | TD-Error=0.8346
[Agents] Step 44 | Loss=2.0045 | TD-Error=0.8208
[Agents] Step 45 | Loss=1.9930 | TD-Error=0.8090
[Agents] Step 46 | Loss=1.9822 | TD-Error=0.8003
[Agents] Step 47 | Loss=1.9719 | TD-Error=0.7988
[Agents] Step 48 | Loss=1.9620 | TD-Error=0.7986
[Agents] Step 49 | Loss=1.9523 | TD-Error=0.7987
[Runner] Reward/time/wait logs saved for analysis.

✅ [Runner] Training completed successfully.
[Runner] Scheduling trace and job timelines written to ./my_data_and_graph/historydata
[Runner] run_summary.json written to ./my_data_and_graph/historydata/run_summary.json
system fully functional
[Runner] Learning stability plot saved.
[Runner] Loss/TD/Reward PNGs saved.
