Exception caught
Traceback (most recent call last):
  File "/home/aleynaozcan/projects/MASA-QMIX/MARL/runner.py", line 23, in <module>
    from MARL.common.rollout import CommRolloutWorker  # type: ignore
    ^^^^^^^^^^^^^^^^^^^^^^^^^^^^^^^^^^^^^^^^^^^^^^^^^
ImportError: cannot import name 'CommRolloutWorker' from 'MARL.common.rollout' (/home/aleynaozcan/projects/MASA-QMIX/MARL/common/rollout.py)

=== Training Setup Summary (Args) ===
Algorithm: qmix
Random seed: 123
Replay buffer size: 3000
Batch size: 32
Total epochs: 5
Episodes per epoch: 4
Evaluation every 2 epochs
Observation dim: 11
State dim: 64
====================================
[Runner] Env shapes initialized from env.get_env_info(): n_agents=10, n_actions=18, obs_shape=11, state_shape=64, episode_limit=10
[Runner] Auto-set run_args.n_agents = 10 from env.get_env_info()['n_agents']
[QMIX Init] RNN input shape = 39 (obs=11, last_action=True, reuse_network=True)
[QMIX] Checkpoints dir: /home/aleynaozcan/projects/MASA-QMIX/MARL/model/qmix/masa_schedule
[QMIX] Policy initialized and moved to device: cpu
[Agents] Initialized (QMIX)
[RolloutWorker] init | episode_limit=10 | device=cpu
[Runner 8A.6.6] Initialized | alg=qmix | buffer=3000 | batch=32
[Runner] === Training loop started ===
Run 1, epoch 0, avg rewards 0.00[JobAgent 0] selected action=1
[JobAgent 1] selected action=1
[JobAgent 2] selected action=1
[JobAgent 3] selected action=1
[JobAgent 4] selected action=1
[JobAgent 5] selected action=1
[JobAgent 6] selected action=1
[JobAgent 7] selected action=1
[JobAgent 8] selected action=1
[JobAgent 9] selected action=1
[JobAgent 0] selected action=0
[JobAgent 1] selected action=0
[JobAgent 0] selected action=1
[JobAgent 1] selected action=1
[JobAgent 2] selected action=1
[JobAgent 3] selected action=1
[JobAgent 4] selected action=1
[JobAgent 5] selected action=1
[JobAgent 6] selected action=1
[JobAgent 7] selected action=1
[JobAgent 8] selected action=1
[JobAgent 9] selected action=1
[JobAgent 0] selected action=0
[JobAgent 1] selected action=0
[JobAgent 2] selected action=0
[JobAgent 0] selected action=1
[JobAgent 1] selected action=1
[JobAgent 2] selected action=1
[JobAgent 3] selected action=1
[JobAgent 4] selected action=1
[JobAgent 5] selected action=1
[JobAgent 6] selected action=1
[JobAgent 7] selected action=1
[JobAgent 8] selected action=1
[JobAgent 9] selected action=1
[JobAgent 0] selected action=0
[JobAgent 1] selected action=0
[JobAgent 0] selected action=1
[JobAgent 1] selected action=1
[JobAgent 2] selected action=1
[JobAgent 3] selected action=1
[JobAgent 4] selected action=1
[JobAgent 5] selected action=1
[JobAgent 6] selected action=1
[JobAgent 7] selected action=1
[JobAgent 8] selected action=1
[JobAgent 9] selected action=1
[JobAgent 0] selected action=0
[JobAgent 1] selected action=0
[JobAgent 2] selected action=0
[JobAgent 3] selected action=0

[DEBUG] Training active (buffer=51) – gradient updates...
[Agents] Step 0 | Loss=1.8098 | TD-Error=0.9404
[Agents] Step 1 | Loss=1.7329 | TD-Error=0.8261
[Agents] Step 2 | Loss=1.6994 | TD-Error=0.8047
[Agents] Step 3 | Loss=1.6748 | TD-Error=0.8120
[Agents] Step 4 | Loss=1.6538 | TD-Error=0.8127
[Agents] Step 5 | Loss=1.6350 | TD-Error=0.8112
[Agents] Step 6 | Loss=1.6179 | TD-Error=0.8078
[Agents] Step 7 | Loss=1.6019 | TD-Error=0.8056
[Agents] Step 8 | Loss=1.5864 | TD-Error=0.8004
[QMIX] ✅ Checkpoint saved @ step 10
   RNN  → /home/aleynaozcan/projects/MASA-QMIX/MARL/model/qmix/masa_schedule/rnn_net_params.pkl
   MIX  → /home/aleynaozcan/projects/MASA-QMIX/MARL/model/qmix/masa_schedule/qmix_net_params.pkl
[Agents] Step 9 | Loss=1.5722 | TD-Error=0.7976
Run 1, epoch 1, avg rewards -10.84[JobAgent 0] selected action=1
[JobAgent 1] selected action=1
[JobAgent 2] selected action=1
[JobAgent 3] selected action=1
[JobAgent 4] selected action=1
[JobAgent 5] selected action=1
[JobAgent 6] selected action=1
[JobAgent 7] selected action=1
[JobAgent 8] selected action=1
[JobAgent 9] selected action=1
[JobAgent 0] selected action=0
[JobAgent 1] selected action=0
[JobAgent 2] selected action=0
[JobAgent 3] selected action=0
[JobAgent 0] selected action=1
[JobAgent 1] selected action=1
[JobAgent 2] selected action=1
[JobAgent 3] selected action=1
[JobAgent 4] selected action=1
[JobAgent 5] selected action=1
[JobAgent 6] selected action=1
[JobAgent 7] selected action=1
[JobAgent 8] selected action=1
[JobAgent 9] selected action=1
[JobAgent 0] selected action=0
[JobAgent 1] selected action=0
[JobAgent 2] selected action=0
[JobAgent 0] selected action=1
[JobAgent 1] selected action=1
[JobAgent 2] selected action=1
[JobAgent 3] selected action=1
[JobAgent 4] selected action=1
[JobAgent 5] selected action=1
[JobAgent 6] selected action=1
[JobAgent 7] selected action=1
[JobAgent 8] selected action=1
[JobAgent 9] selected action=1
[JobAgent 0] selected action=0
[JobAgent 1] selected action=0
[JobAgent 2] selected action=0
[JobAgent 0] selected action=1
[JobAgent 1] selected action=1
[JobAgent 2] selected action=1
[JobAgent 3] selected action=1
[JobAgent 4] selected action=1
[JobAgent 5] selected action=1
[JobAgent 6] selected action=1
[JobAgent 7] selected action=1
[JobAgent 8] selected action=1
[JobAgent 9] selected action=1
[JobAgent 0] selected action=0
[JobAgent 1] selected action=0
[JobAgent 2] selected action=0
[JobAgent 3] selected action=0

[DEBUG] Training active (buffer=105) – gradient updates...
[Agents] Step 10 | Loss=1.7266 | TD-Error=0.7928
[Agents] Step 11 | Loss=1.7105 | TD-Error=0.7910
[Agents] Step 12 | Loss=1.6955 | TD-Error=0.7871
[Agents] Step 13 | Loss=1.6811 | TD-Error=0.7844
[Agents] Step 14 | Loss=1.6673 | TD-Error=0.7803
[Agents] Step 15 | Loss=1.6541 | TD-Error=0.7783
[Agents] Step 16 | Loss=1.6412 | TD-Error=0.7745
[Agents] Step 17 | Loss=1.6288 | TD-Error=0.7730
[Agents] Step 18 | Loss=1.6166 | TD-Error=0.7704
[Agents] Step 19 | Loss=1.6049 | TD-Error=0.7688
[TRAIN] step=20, loss=1.6049, td=0.7688, buffer=105
Run 1, epoch 2, avg rewards -13.47[JobAgent 0] selected action=1
[JobAgent 1] selected action=1
[JobAgent 2] selected action=1
[JobAgent 3] selected action=1
[JobAgent 4] selected action=1
[JobAgent 5] selected action=1
[JobAgent 6] selected action=1
[JobAgent 7] selected action=1
[JobAgent 8] selected action=1
[JobAgent 9] selected action=1
[JobAgent 0] selected action=0
[JobAgent 1] selected action=0
[JobAgent 2] selected action=0
[JobAgent 0] selected action=1
[JobAgent 1] selected action=1
[JobAgent 2] selected action=1
[JobAgent 3] selected action=1
[JobAgent 4] selected action=1
[JobAgent 5] selected action=1
[JobAgent 6] selected action=1
[JobAgent 7] selected action=1
[JobAgent 8] selected action=1
[JobAgent 9] selected action=1
[JobAgent 0] selected action=0
[JobAgent 1] selected action=0
[JobAgent 0] selected action=1
[JobAgent 1] selected action=1
[JobAgent 2] selected action=1
[JobAgent 3] selected action=1
[JobAgent 4] selected action=1
[JobAgent 5] selected action=1
[JobAgent 6] selected action=1
[JobAgent 7] selected action=1
[JobAgent 8] selected action=1
[JobAgent 9] selected action=1
[JobAgent 0] selected action=0
[JobAgent 1] selected action=0
[JobAgent 0] selected action=1
[JobAgent 1] selected action=1
[JobAgent 2] selected action=1
[JobAgent 3] selected action=1
[JobAgent 4] selected action=1
[JobAgent 5] selected action=1
[JobAgent 6] selected action=1
[JobAgent 7] selected action=1
[JobAgent 8] selected action=1
[JobAgent 9] selected action=1
[JobAgent 0] selected action=0
[JobAgent 1] selected action=0
[JobAgent 0] selected action=1
[JobAgent 1] selected action=1
[JobAgent 2] selected action=1
[JobAgent 3] selected action=1
[JobAgent 4] selected action=1
[JobAgent 5] selected action=1
[JobAgent 6] selected action=1
[JobAgent 7] selected action=1
[JobAgent 8] selected action=1
[JobAgent 9] selected action=1
[JobAgent 0] selected action=0
[JobAgent 1] selected action=0
[JobAgent 2] selected action=0

[Eval] Epoch 2 | Reward=-9.76
[JobAgent 0] selected action=1
[JobAgent 1] selected action=1
[JobAgent 2] selected action=1
[JobAgent 3] selected action=1
[JobAgent 4] selected action=1
[JobAgent 5] selected action=1
[JobAgent 6] selected action=1
[JobAgent 7] selected action=1
[JobAgent 8] selected action=1
[JobAgent 9] selected action=1
[JobAgent 0] selected action=0
[JobAgent 1] selected action=0
[JobAgent 0] selected action=1
[JobAgent 1] selected action=1
[JobAgent 2] selected action=1
[JobAgent 3] selected action=1
[JobAgent 4] selected action=1
[JobAgent 5] selected action=1
[JobAgent 6] selected action=1
[JobAgent 7] selected action=1
[JobAgent 8] selected action=1
[JobAgent 9] selected action=1
[JobAgent 0] selected action=0
[JobAgent 1] selected action=0
[JobAgent 2] selected action=0
[JobAgent 0] selected action=1
[JobAgent 1] selected action=1
[JobAgent 2] selected action=1
[JobAgent 3] selected action=1
[JobAgent 4] selected action=1
[JobAgent 5] selected action=1
[JobAgent 6] selected action=1
[JobAgent 7] selected action=1
[JobAgent 8] selected action=1
[JobAgent 9] selected action=1
[JobAgent 0] selected action=0
[JobAgent 1] selected action=0
[JobAgent 2] selected action=0
[JobAgent 0] selected action=1
[JobAgent 1] selected action=1
[JobAgent 2] selected action=1
[JobAgent 3] selected action=1
[JobAgent 4] selected action=1
[JobAgent 5] selected action=1
[JobAgent 6] selected action=1
[JobAgent 7] selected action=1
[JobAgent 8] selected action=1
[JobAgent 9] selected action=1
[JobAgent 0] selected action=0
[JobAgent 1] selected action=0
[JobAgent 2] selected action=0
[JobAgent 3] selected action=0

[DEBUG] Training active (buffer=219) – gradient updates...
[Agents] Step 20 | Loss=1.4951 | TD-Error=0.7690
[Agents] Step 21 | Loss=2.5307 | TD-Error=1.0390
[Agents] Step 22 | Loss=2.4778 | TD-Error=0.9544
[Agents] Step 23 | Loss=2.4529 | TD-Error=0.9167
[Agents] Step 24 | Loss=2.4340 | TD-Error=0.8906
[Agents] Step 25 | Loss=2.4183 | TD-Error=0.8738
[Agents] Step 26 | Loss=2.4041 | TD-Error=0.8622
[Agents] Step 27 | Loss=2.3911 | TD-Error=0.8606
[Agents] Step 28 | Loss=2.3779 | TD-Error=0.8606
[Agents] Step 29 | Loss=2.3657 | TD-Error=0.8597
Run 1, epoch 3, avg rewards -11.87[JobAgent 0] selected action=1
[JobAgent 1] selected action=1
[JobAgent 2] selected action=1
[JobAgent 3] selected action=1
[JobAgent 4] selected action=1
[JobAgent 5] selected action=1
[JobAgent 6] selected action=1
[JobAgent 7] selected action=1
[JobAgent 8] selected action=1
[JobAgent 9] selected action=1
[JobAgent 0] selected action=0
[JobAgent 1] selected action=0
[JobAgent 2] selected action=0
[JobAgent 0] selected action=1
[JobAgent 1] selected action=1
[JobAgent 2] selected action=1
[JobAgent 3] selected action=1
[JobAgent 4] selected action=1
[JobAgent 5] selected action=1
[JobAgent 6] selected action=1
[JobAgent 7] selected action=1
[JobAgent 8] selected action=1
[JobAgent 9] selected action=1
[JobAgent 0] selected action=0
[JobAgent 1] selected action=0
[JobAgent 2] selected action=0
[JobAgent 0] selected action=1
[JobAgent 1] selected action=1
[JobAgent 2] selected action=1
[JobAgent 3] selected action=1
[JobAgent 4] selected action=1
[JobAgent 5] selected action=1
[JobAgent 6] selected action=1
[JobAgent 7] selected action=1
[JobAgent 8] selected action=1
[JobAgent 9] selected action=1
[JobAgent 0] selected action=0
[JobAgent 1] selected action=0
[JobAgent 0] selected action=1
[JobAgent 1] selected action=1
[JobAgent 2] selected action=1
[JobAgent 3] selected action=1
[JobAgent 4] selected action=1
[JobAgent 5] selected action=1
[JobAgent 6] selected action=1
[JobAgent 7] selected action=1
[JobAgent 8] selected action=1
[JobAgent 9] selected action=1
[JobAgent 0] selected action=0
[JobAgent 1] selected action=0

[DEBUG] Training active (buffer=269) – gradient updates...
[Agents] Step 30 | Loss=2.3076 | TD-Error=0.8538
[Agents] Step 31 | Loss=2.2962 | TD-Error=0.8532
[Agents] Step 32 | Loss=2.2850 | TD-Error=0.8517
[Agents] Step 33 | Loss=2.2742 | TD-Error=0.8506
[Agents] Step 34 | Loss=2.2635 | TD-Error=0.8487
[Agents] Step 35 | Loss=2.2528 | TD-Error=0.8478
[Agents] Step 36 | Loss=2.2424 | TD-Error=0.8458
[Agents] Step 37 | Loss=2.2322 | TD-Error=0.8446
[Agents] Step 38 | Loss=2.2222 | TD-Error=0.8421
[Agents] Step 39 | Loss=2.2121 | TD-Error=0.8411
[TRAIN] step=40, loss=2.2121, td=0.8411, buffer=269
Run 1, epoch 4, avg rewards -10.00[JobAgent 0] selected action=1
[JobAgent 1] selected action=1
[JobAgent 2] selected action=1
[JobAgent 3] selected action=1
[JobAgent 4] selected action=1
[JobAgent 5] selected action=1
[JobAgent 6] selected action=1
[JobAgent 7] selected action=1
[JobAgent 8] selected action=1
[JobAgent 9] selected action=1
[JobAgent 0] selected action=0
[JobAgent 1] selected action=0
[JobAgent 2] selected action=0
[JobAgent 0] selected action=1
[JobAgent 1] selected action=1
[JobAgent 2] selected action=1
[JobAgent 3] selected action=1
[JobAgent 4] selected action=1
[JobAgent 5] selected action=1
[JobAgent 6] selected action=1
[JobAgent 7] selected action=1
[JobAgent 8] selected action=1
[JobAgent 9] selected action=1
[JobAgent 0] selected action=0
[JobAgent 1] selected action=0
[JobAgent 2] selected action=0
[JobAgent 0] selected action=1
[JobAgent 1] selected action=1
[JobAgent 2] selected action=1
[JobAgent 3] selected action=1
[JobAgent 4] selected action=1
[JobAgent 5] selected action=1
[JobAgent 6] selected action=1
[JobAgent 7] selected action=1
[JobAgent 8] selected action=1
[JobAgent 9] selected action=1
[JobAgent 0] selected action=0
[JobAgent 1] selected action=0
[JobAgent 2] selected action=0
[JobAgent 0] selected action=1
[JobAgent 1] selected action=1
[JobAgent 2] selected action=1
[JobAgent 3] selected action=1
[JobAgent 4] selected action=1
[JobAgent 5] selected action=1
[JobAgent 6] selected action=1
[JobAgent 7] selected action=1
[JobAgent 8] selected action=1
[JobAgent 9] selected action=1
[JobAgent 0] selected action=0
[JobAgent 1] selected action=0
[JobAgent 2] selected action=0
[JobAgent 3] selected action=0
[JobAgent 0] selected action=1
[JobAgent 1] selected action=1
[JobAgent 2] selected action=1
[JobAgent 3] selected action=1
[JobAgent 4] selected action=1
[JobAgent 5] selected action=1
[JobAgent 6] selected action=1
[JobAgent 7] selected action=1
[JobAgent 8] selected action=1
[JobAgent 9] selected action=1
[JobAgent 0] selected action=0
[JobAgent 1] selected action=0
[JobAgent 2] selected action=0
[JobAgent 3] selected action=0

[Eval] Epoch 4 | Reward=-13.16
[JobAgent 0] selected action=1
[JobAgent 1] selected action=1
[JobAgent 2] selected action=1
[JobAgent 3] selected action=1
[JobAgent 4] selected action=1
[JobAgent 5] selected action=1
[JobAgent 6] selected action=1
[JobAgent 7] selected action=1
[JobAgent 8] selected action=1
[JobAgent 9] selected action=1
[JobAgent 0] selected action=0
[JobAgent 1] selected action=0
[JobAgent 2] selected action=0
[JobAgent 0] selected action=1
[JobAgent 1] selected action=1
[JobAgent 2] selected action=1
[JobAgent 3] selected action=1
[JobAgent 4] selected action=1
[JobAgent 5] selected action=1
[JobAgent 6] selected action=1
[JobAgent 7] selected action=1
[JobAgent 8] selected action=1
[JobAgent 9] selected action=1
[JobAgent 0] selected action=0
[JobAgent 1] selected action=0
[JobAgent 2] selected action=0
[JobAgent 3] selected action=0
[JobAgent 0] selected action=1
[JobAgent 1] selected action=1
[JobAgent 2] selected action=1
[JobAgent 3] selected action=1
[JobAgent 4] selected action=1
[JobAgent 5] selected action=1
[JobAgent 6] selected action=1
[JobAgent 7] selected action=1
[JobAgent 8] selected action=1
[JobAgent 9] selected action=1
[JobAgent 0] selected action=0
[JobAgent 1] selected action=0
[JobAgent 2] selected action=0
[JobAgent 0] selected action=1
[JobAgent 1] selected action=1
[JobAgent 2] selected action=1
[JobAgent 3] selected action=1
[JobAgent 4] selected action=1
[JobAgent 5] selected action=1
[JobAgent 6] selected action=1
[JobAgent 7] selected action=1
[JobAgent 8] selected action=1
[JobAgent 9] selected action=1
[JobAgent 0] selected action=0
[JobAgent 1] selected action=0

[DEBUG] Training active (buffer=388) – gradient updates...
[Agents] Step 40 | Loss=2.2752 | TD-Error=0.8469
[Agents] Step 41 | Loss=2.6478 | TD-Error=1.0415
[Agents] Step 42 | Loss=2.6136 | TD-Error=0.9869
[Agents] Step 43 | Loss=2.5929 | TD-Error=0.9545
[Agents] Step 44 | Loss=2.5770 | TD-Error=0.9324
[Agents] Step 45 | Loss=2.5635 | TD-Error=0.9156
[Agents] Step 46 | Loss=2.5510 | TD-Error=0.9030
[Agents] Step 47 | Loss=2.5394 | TD-Error=0.8926
[Agents] Step 48 | Loss=2.5282 | TD-Error=0.8850
[Agents] Step 49 | Loss=2.5173 | TD-Error=0.8831
[Runner] Reward/time/wait logs saved for analysis.

✅ [Runner] Training completed successfully.
[Runner] Scheduling trace and job timelines written to ./my_data_and_graph/historydata
[Runner] run_summary.json written to ./my_data_and_graph/historydata/run_summary.json
system fully functional
[Runner] Learning stability plot saved.
[Runner] Loss/TD/Reward PNGs saved.
