Exception caught
Traceback (most recent call last):
  File "/home/aleynaozcan/projects/MASA-QMIX/MARL/runner.py", line 23, in <module>
    from MARL.common.rollout import CommRolloutWorker  # type: ignore
    ^^^^^^^^^^^^^^^^^^^^^^^^^^^^^^^^^^^^^^^^^^^^^^^^^
ImportError: cannot import name 'CommRolloutWorker' from 'MARL.common.rollout' (/home/aleynaozcan/projects/MASA-QMIX/MARL/common/rollout.py)

=== Training Setup Summary (Args) ===
Algorithm: qmix
Random seed: 123
Replay buffer size: 3000
Batch size: 32
Total epochs: 5
Episodes per epoch: 4
Evaluation every 2 epochs
Observation dim: 11
State dim: 64
====================================
[Runner] Env shapes initialized from env.get_env_info(): n_agents=10, n_actions=18, obs_shape=11, state_shape=64, episode_limit=10
[Runner] Auto-set run_args.n_agents = 10 from env.get_env_info()['n_agents']
[QMIX Init] RNN input shape = 39 (obs=11, last_action=True, reuse_network=True)
[QMIX] Checkpoints dir: /home/aleynaozcan/projects/MASA-QMIX/MARL/model/qmix/masa_schedule
[QMIX] Policy initialized and moved to device: cpu
[Agents] Initialized (QMIX)
[RolloutWorker] init | episode_limit=10 | device=cpu
[Runner 8A.6.6] Initialized | alg=qmix | buffer=3000 | batch=32
[Runner] === Training loop started ===
Run 1, epoch 0, avg rewards 0.00[JobAgent 0] selected action=1
[JobAgent 1] selected action=1
[JobAgent 2] selected action=1
[JobAgent 3] selected action=1
[JobAgent 4] selected action=1
[JobAgent 5] selected action=1
[JobAgent 6] selected action=1
[JobAgent 7] selected action=1
[JobAgent 8] selected action=1
[JobAgent 9] selected action=1
[JobAgent 0] selected action=0
[JobAgent 1] selected action=0
[JobAgent 0] selected action=1
[JobAgent 1] selected action=1
[JobAgent 2] selected action=1
[JobAgent 3] selected action=1
[JobAgent 4] selected action=1
[JobAgent 5] selected action=1
[JobAgent 6] selected action=1
[JobAgent 7] selected action=1
[JobAgent 8] selected action=1
[JobAgent 9] selected action=1
[JobAgent 0] selected action=0
[JobAgent 1] selected action=0
[JobAgent 0] selected action=1
[JobAgent 1] selected action=1
[JobAgent 2] selected action=1
[JobAgent 3] selected action=1
[JobAgent 4] selected action=1
[JobAgent 5] selected action=1
[JobAgent 6] selected action=1
[JobAgent 7] selected action=1
[JobAgent 8] selected action=1
[JobAgent 9] selected action=1
[JobAgent 0] selected action=0
[JobAgent 1] selected action=0
[JobAgent 0] selected action=1
[JobAgent 1] selected action=1
[JobAgent 2] selected action=1
[JobAgent 3] selected action=1
[JobAgent 4] selected action=1
[JobAgent 5] selected action=1
[JobAgent 6] selected action=1
[JobAgent 7] selected action=1
[JobAgent 8] selected action=1
[JobAgent 9] selected action=1
[JobAgent 0] selected action=0
[JobAgent 1] selected action=0
[JobAgent 2] selected action=0

[DEBUG] Training active (buffer=49) – gradient updates...
[Agents] Step 0 | Loss=2.9938 | TD-Error=1.1949
[Agents] Step 1 | Loss=2.8411 | TD-Error=1.0607
[Agents] Step 2 | Loss=2.7741 | TD-Error=0.9952
[Agents] Step 3 | Loss=2.7311 | TD-Error=0.9510
[Agents] Step 4 | Loss=2.6991 | TD-Error=0.9167
[Agents] Step 5 | Loss=2.6737 | TD-Error=0.8903
[Agents] Step 6 | Loss=2.6524 | TD-Error=0.8686
[Agents] Step 7 | Loss=2.6338 | TD-Error=0.8509
[Agents] Step 8 | Loss=2.6172 | TD-Error=0.8373
[QMIX] ✅ Checkpoint saved @ step 10
   RNN  → /home/aleynaozcan/projects/MASA-QMIX/MARL/model/qmix/masa_schedule/rnn_net_params.pkl
   MIX  → /home/aleynaozcan/projects/MASA-QMIX/MARL/model/qmix/masa_schedule/qmix_net_params.pkl
[Agents] Step 9 | Loss=2.6018 | TD-Error=0.8333
Run 1, epoch 1, avg rewards -9.09[JobAgent 0] selected action=1
[JobAgent 1] selected action=1
[JobAgent 2] selected action=1
[JobAgent 3] selected action=1
[JobAgent 4] selected action=1
[JobAgent 5] selected action=1
[JobAgent 6] selected action=1
[JobAgent 7] selected action=1
[JobAgent 8] selected action=1
[JobAgent 9] selected action=1
[JobAgent 0] selected action=0
[JobAgent 1] selected action=0
[JobAgent 2] selected action=0
[JobAgent 0] selected action=1
[JobAgent 1] selected action=1
[JobAgent 2] selected action=1
[JobAgent 3] selected action=1
[JobAgent 4] selected action=1
[JobAgent 5] selected action=1
[JobAgent 6] selected action=1
[JobAgent 7] selected action=1
[JobAgent 8] selected action=1
[JobAgent 9] selected action=1
[JobAgent 0] selected action=0
[JobAgent 1] selected action=0
[JobAgent 2] selected action=0
[JobAgent 0] selected action=1
[JobAgent 1] selected action=1
[JobAgent 2] selected action=1
[JobAgent 3] selected action=1
[JobAgent 4] selected action=1
[JobAgent 5] selected action=1
[JobAgent 6] selected action=1
[JobAgent 7] selected action=1
[JobAgent 8] selected action=1
[JobAgent 9] selected action=1
[JobAgent 0] selected action=0
[JobAgent 1] selected action=0
[JobAgent 2] selected action=0
[JobAgent 0] selected action=1
[JobAgent 1] selected action=1
[JobAgent 2] selected action=1
[JobAgent 3] selected action=1
[JobAgent 4] selected action=1
[JobAgent 5] selected action=1
[JobAgent 6] selected action=1
[JobAgent 7] selected action=1
[JobAgent 8] selected action=1
[JobAgent 9] selected action=1
[JobAgent 0] selected action=0
[JobAgent 1] selected action=0
[JobAgent 2] selected action=0
[JobAgent 3] selected action=0

[DEBUG] Training active (buffer=102) – gradient updates...
[Agents] Step 10 | Loss=3.0726 | TD-Error=1.0090
[Agents] Step 11 | Loss=3.0542 | TD-Error=1.0079
[Agents] Step 12 | Loss=3.0369 | TD-Error=1.0072
[Agents] Step 13 | Loss=3.0204 | TD-Error=1.0061
[Agents] Step 14 | Loss=3.0046 | TD-Error=1.0046
[Agents] Step 15 | Loss=2.9893 | TD-Error=1.0033
[Agents] Step 16 | Loss=2.9744 | TD-Error=1.0017
[Agents] Step 17 | Loss=2.9601 | TD-Error=0.9998
[Agents] Step 18 | Loss=2.9460 | TD-Error=0.9978
[Agents] Step 19 | Loss=2.9323 | TD-Error=0.9956
[TRAIN] step=20, loss=2.9323, td=0.9956, buffer=102
Run 1, epoch 2, avg rewards -12.56[JobAgent 0] selected action=1
[JobAgent 1] selected action=1
[JobAgent 2] selected action=1
[JobAgent 3] selected action=1
[JobAgent 4] selected action=1
[JobAgent 5] selected action=1
[JobAgent 6] selected action=1
[JobAgent 7] selected action=1
[JobAgent 8] selected action=1
[JobAgent 9] selected action=1
[JobAgent 0] selected action=0
[JobAgent 1] selected action=0
[JobAgent 2] selected action=0
[JobAgent 0] selected action=1
[JobAgent 1] selected action=1
[JobAgent 2] selected action=1
[JobAgent 3] selected action=1
[JobAgent 4] selected action=1
[JobAgent 5] selected action=1
[JobAgent 6] selected action=1
[JobAgent 7] selected action=1
[JobAgent 8] selected action=1
[JobAgent 9] selected action=1
[JobAgent 0] selected action=0
[JobAgent 1] selected action=0
[JobAgent 0] selected action=1
[JobAgent 1] selected action=1
[JobAgent 2] selected action=1
[JobAgent 3] selected action=1
[JobAgent 4] selected action=1
[JobAgent 5] selected action=1
[JobAgent 6] selected action=1
[JobAgent 7] selected action=1
[JobAgent 8] selected action=1
[JobAgent 9] selected action=1
[JobAgent 0] selected action=0
[JobAgent 1] selected action=0
[JobAgent 0] selected action=1
[JobAgent 1] selected action=1
[JobAgent 2] selected action=1
[JobAgent 3] selected action=1
[JobAgent 4] selected action=1
[JobAgent 5] selected action=1
[JobAgent 6] selected action=1
[JobAgent 7] selected action=1
[JobAgent 8] selected action=1
[JobAgent 9] selected action=1
[JobAgent 0] selected action=0
[JobAgent 1] selected action=0
[JobAgent 0] selected action=1
[JobAgent 1] selected action=1
[JobAgent 2] selected action=1
[JobAgent 3] selected action=1
[JobAgent 4] selected action=1
[JobAgent 5] selected action=1
[JobAgent 6] selected action=1
[JobAgent 7] selected action=1
[JobAgent 8] selected action=1
[JobAgent 9] selected action=1
[JobAgent 0] selected action=0
[JobAgent 1] selected action=0
[JobAgent 2] selected action=0

[Eval] Epoch 2 | Reward=-9.75
[JobAgent 0] selected action=1
[JobAgent 1] selected action=1
[JobAgent 2] selected action=1
[JobAgent 3] selected action=1
[JobAgent 4] selected action=1
[JobAgent 5] selected action=1
[JobAgent 6] selected action=1
[JobAgent 7] selected action=1
[JobAgent 8] selected action=1
[JobAgent 9] selected action=1
[JobAgent 0] selected action=0
[JobAgent 1] selected action=0
[JobAgent 0] selected action=1
[JobAgent 1] selected action=1
[JobAgent 2] selected action=1
[JobAgent 3] selected action=1
[JobAgent 4] selected action=1
[JobAgent 5] selected action=1
[JobAgent 6] selected action=1
[JobAgent 7] selected action=1
[JobAgent 8] selected action=1
[JobAgent 9] selected action=1
[JobAgent 0] selected action=0
[JobAgent 1] selected action=0
[JobAgent 2] selected action=0
[JobAgent 0] selected action=1
[JobAgent 1] selected action=1
[JobAgent 2] selected action=1
[JobAgent 3] selected action=1
[JobAgent 4] selected action=1
[JobAgent 5] selected action=1
[JobAgent 6] selected action=1
[JobAgent 7] selected action=1
[JobAgent 8] selected action=1
[JobAgent 9] selected action=1
[JobAgent 0] selected action=0
[JobAgent 1] selected action=0
[JobAgent 2] selected action=0
[JobAgent 0] selected action=1
[JobAgent 1] selected action=1
[JobAgent 2] selected action=1
[JobAgent 3] selected action=1
[JobAgent 4] selected action=1
[JobAgent 5] selected action=1
[JobAgent 6] selected action=1
[JobAgent 7] selected action=1
[JobAgent 8] selected action=1
[JobAgent 9] selected action=1
[JobAgent 0] selected action=0
[JobAgent 1] selected action=0
[JobAgent 2] selected action=0
[JobAgent 3] selected action=0

[DEBUG] Training active (buffer=216) – gradient updates...
[Agents] Step 20 | Loss=2.8918 | TD-Error=0.9913
[Agents] Step 21 | Loss=2.4236 | TD-Error=0.9304
[Agents] Step 22 | Loss=2.4098 | TD-Error=0.9143
[Agents] Step 23 | Loss=2.3972 | TD-Error=0.9012
[Agents] Step 24 | Loss=2.3856 | TD-Error=0.8911
[Agents] Step 25 | Loss=2.3745 | TD-Error=0.8875
[Agents] Step 26 | Loss=2.3638 | TD-Error=0.8860
[Agents] Step 27 | Loss=2.3535 | TD-Error=0.8851
[Agents] Step 28 | Loss=2.3434 | TD-Error=0.8841
[Agents] Step 29 | Loss=2.3335 | TD-Error=0.8829
Run 1, epoch 3, avg rewards -11.92[JobAgent 0] selected action=1
[JobAgent 1] selected action=1
[JobAgent 2] selected action=1
[JobAgent 3] selected action=1
[JobAgent 4] selected action=1
[JobAgent 5] selected action=1
[JobAgent 6] selected action=1
[JobAgent 7] selected action=1
[JobAgent 8] selected action=1
[JobAgent 9] selected action=1
[JobAgent 0] selected action=0
[JobAgent 1] selected action=0
[JobAgent 2] selected action=0
[JobAgent 0] selected action=1
[JobAgent 1] selected action=1
[JobAgent 2] selected action=1
[JobAgent 3] selected action=1
[JobAgent 4] selected action=1
[JobAgent 5] selected action=1
[JobAgent 6] selected action=1
[JobAgent 7] selected action=1
[JobAgent 8] selected action=1
[JobAgent 9] selected action=1
[JobAgent 0] selected action=0
[JobAgent 1] selected action=0
[JobAgent 0] selected action=1
[JobAgent 1] selected action=1
[JobAgent 2] selected action=1
[JobAgent 3] selected action=1
[JobAgent 4] selected action=1
[JobAgent 5] selected action=1
[JobAgent 6] selected action=1
[JobAgent 7] selected action=1
[JobAgent 8] selected action=1
[JobAgent 9] selected action=1
[JobAgent 0] selected action=0
[JobAgent 1] selected action=0
[JobAgent 0] selected action=1
[JobAgent 1] selected action=1
[JobAgent 2] selected action=1
[JobAgent 3] selected action=1
[JobAgent 4] selected action=1
[JobAgent 5] selected action=1
[JobAgent 6] selected action=1
[JobAgent 7] selected action=1
[JobAgent 8] selected action=1
[JobAgent 9] selected action=1
[JobAgent 0] selected action=0
[JobAgent 1] selected action=0

[DEBUG] Training active (buffer=265) – gradient updates...
[Agents] Step 30 | Loss=2.2627 | TD-Error=0.8759
[Agents] Step 31 | Loss=2.2536 | TD-Error=0.8748
[Agents] Step 32 | Loss=2.2446 | TD-Error=0.8734
[Agents] Step 33 | Loss=2.2357 | TD-Error=0.8719
[Agents] Step 34 | Loss=2.2269 | TD-Error=0.8702
[Agents] Step 35 | Loss=2.2182 | TD-Error=0.8685
[Agents] Step 36 | Loss=2.2095 | TD-Error=0.8667
[Agents] Step 37 | Loss=2.2010 | TD-Error=0.8649
[Agents] Step 38 | Loss=2.1925 | TD-Error=0.8630
[Agents] Step 39 | Loss=2.1840 | TD-Error=0.8610
[TRAIN] step=40, loss=2.1840, td=0.8610, buffer=265
Run 1, epoch 4, avg rewards -9.20[JobAgent 0] selected action=1
[JobAgent 1] selected action=1
[JobAgent 2] selected action=1
[JobAgent 3] selected action=1
[JobAgent 4] selected action=1
[JobAgent 5] selected action=1
[JobAgent 6] selected action=1
[JobAgent 7] selected action=1
[JobAgent 8] selected action=1
[JobAgent 9] selected action=1
[JobAgent 0] selected action=0
[JobAgent 1] selected action=0
[JobAgent 2] selected action=0
[JobAgent 0] selected action=1
[JobAgent 1] selected action=1
[JobAgent 2] selected action=1
[JobAgent 3] selected action=1
[JobAgent 4] selected action=1
[JobAgent 5] selected action=1
[JobAgent 6] selected action=1
[JobAgent 7] selected action=1
[JobAgent 8] selected action=1
[JobAgent 9] selected action=1
[JobAgent 0] selected action=0
[JobAgent 1] selected action=0
[JobAgent 2] selected action=0
[JobAgent 0] selected action=1
[JobAgent 1] selected action=1
[JobAgent 2] selected action=1
[JobAgent 3] selected action=1
[JobAgent 4] selected action=1
[JobAgent 5] selected action=1
[JobAgent 6] selected action=1
[JobAgent 7] selected action=1
[JobAgent 8] selected action=1
[JobAgent 9] selected action=1
[JobAgent 0] selected action=0
[JobAgent 1] selected action=0
[JobAgent 2] selected action=0
[JobAgent 0] selected action=1
[JobAgent 1] selected action=1
[JobAgent 2] selected action=1
[JobAgent 3] selected action=1
[JobAgent 4] selected action=1
[JobAgent 5] selected action=1
[JobAgent 6] selected action=1
[JobAgent 7] selected action=1
[JobAgent 8] selected action=1
[JobAgent 9] selected action=1
[JobAgent 0] selected action=0
[JobAgent 1] selected action=0
[JobAgent 2] selected action=0
[JobAgent 3] selected action=0
[JobAgent 0] selected action=1
[JobAgent 1] selected action=1
[JobAgent 2] selected action=1
[JobAgent 3] selected action=1
[JobAgent 4] selected action=1
[JobAgent 5] selected action=1
[JobAgent 6] selected action=1
[JobAgent 7] selected action=1
[JobAgent 8] selected action=1
[JobAgent 9] selected action=1
[JobAgent 0] selected action=0
[JobAgent 1] selected action=0
[JobAgent 2] selected action=0
[JobAgent 3] selected action=0

[Eval] Epoch 4 | Reward=-13.09
[JobAgent 0] selected action=1
[JobAgent 1] selected action=1
[JobAgent 2] selected action=1
[JobAgent 3] selected action=1
[JobAgent 4] selected action=1
[JobAgent 5] selected action=1
[JobAgent 6] selected action=1
[JobAgent 7] selected action=1
[JobAgent 8] selected action=1
[JobAgent 9] selected action=1
[JobAgent 0] selected action=0
[JobAgent 1] selected action=0
[JobAgent 2] selected action=0
[JobAgent 0] selected action=1
[JobAgent 1] selected action=1
[JobAgent 2] selected action=1
[JobAgent 3] selected action=1
[JobAgent 4] selected action=1
[JobAgent 5] selected action=1
[JobAgent 6] selected action=1
[JobAgent 7] selected action=1
[JobAgent 8] selected action=1
[JobAgent 9] selected action=1
[JobAgent 0] selected action=0
[JobAgent 1] selected action=0
[JobAgent 2] selected action=0
[JobAgent 3] selected action=0
[JobAgent 0] selected action=1
[JobAgent 1] selected action=1
[JobAgent 2] selected action=1
[JobAgent 3] selected action=1
[JobAgent 4] selected action=1
[JobAgent 5] selected action=1
[JobAgent 6] selected action=1
[JobAgent 7] selected action=1
[JobAgent 8] selected action=1
[JobAgent 9] selected action=1
[JobAgent 0] selected action=0
[JobAgent 1] selected action=0
[JobAgent 2] selected action=0
[JobAgent 0] selected action=1
[JobAgent 1] selected action=1
[JobAgent 2] selected action=1
[JobAgent 3] selected action=1
[JobAgent 4] selected action=1
[JobAgent 5] selected action=1
[JobAgent 6] selected action=1
[JobAgent 7] selected action=1
[JobAgent 8] selected action=1
[JobAgent 9] selected action=1
[JobAgent 0] selected action=0
[JobAgent 1] selected action=0

[DEBUG] Training active (buffer=384) – gradient updates...
[Agents] Step 40 | Loss=2.2972 | TD-Error=0.8710
[Agents] Step 41 | Loss=2.6444 | TD-Error=0.9619
[Agents] Step 42 | Loss=2.6305 | TD-Error=0.9438
[Agents] Step 43 | Loss=2.6182 | TD-Error=0.9296
[Agents] Step 44 | Loss=2.6068 | TD-Error=0.9182
[Agents] Step 45 | Loss=2.5960 | TD-Error=0.9109
[Agents] Step 46 | Loss=2.5856 | TD-Error=0.9088
[Agents] Step 47 | Loss=2.5755 | TD-Error=0.9078
[Agents] Step 48 | Loss=2.5655 | TD-Error=0.9069
[Agents] Step 49 | Loss=2.5557 | TD-Error=0.9060
[Runner] Reward/time/wait logs saved for analysis.

✅ [Runner] Training completed successfully.
[Runner] Scheduling trace and job timelines written to ./my_data_and_graph/historydata
[Runner] run_summary.json written to ./my_data_and_graph/historydata/run_summary.json
system fully functional
[Runner] Learning stability plot saved.
[Runner] Loss/TD/Reward PNGs saved.
